[3pop] 21 topologies on ['GBR', 'IBS', 'TSI']

[01/21] ((GBR,IBS),TSI)
23:14:25 - cmdstanpy - INFO - Chain [1] start processing
23:14:33 - cmdstanpy - INFO - Chain [1] done processing
      seed 1: ELBO      -22.2  logZ      -17.9  ESS     3.8/4000  9s
23:14:34 - cmdstanpy - INFO - Chain [1] start processing
23:14:42 - cmdstanpy - INFO - Chain [1] done processing
      seed 7: ELBO      -22.8  logZ      -17.7  ESS    17.4/4000  8s
23:14:42 - cmdstanpy - INFO - Chain [1] start processing
23:14:50 - cmdstanpy - INFO - Chain [1] done processing
      seed 13: ELBO      -23.8  logZ      -17.8  ESS    10.7/4000  8s
23:14:51 - cmdstanpy - INFO - Chain [1] start processing
23:14:59 - cmdstanpy - INFO - Chain [1] done processing
      seed 23: ELBO      -22.4  logZ      -16.8  ESS     2.2/4000  9s
23:14:59 - cmdstanpy - INFO - Chain [1] start processing
23:15:08 - cmdstanpy - INFO - Chain [1] done processing
      seed 31: ELBO      -22.4  logZ      -17.7  ESS    44.6/4000  9s
23:15:08 - cmdstanpy - INFO - Chain [1] start processing
23:15:16 - cmdstanpy - INFO - Chain [1] done processing
      seed 47: ELBO      -22.5  logZ      -18.4  ESS    26.4/4000  9s
[02/21] ((GBR,TSI),IBS)
23:15:17 - cmdstanpy - INFO - Chain [1] start processing
23:15:29 - cmdstanpy - INFO - Chain [1] done processing
      seed 1: ELBO      -69.1  logZ      -64.1  ESS     5.3/4000  12s
23:15:30 - cmdstanpy - INFO - Chain [1] start processing
23:15:42 - cmdstanpy - INFO - Chain [1] done processing
      seed 7: ELBO      -68.6  logZ      -63.8  ESS     4.0/4000  12s
23:15:42 - cmdstanpy - INFO - Chain [1] start processing
23:15:54 - cmdstanpy - INFO - Chain [1] done processing
      seed 13: ELBO      -68.9  logZ      -65.6  ESS    15.0/4000  12s
23:15:55 - cmdstanpy - INFO - Chain [1] start processing
23:16:07 - cmdstanpy - INFO - Chain [1] done processing
      seed 23: ELBO      -70.2  logZ      -64.5  ESS    19.6/4000  12s
23:16:07 - cmdstanpy - INFO - Chain [1] start processing
23:16:20 - cmdstanpy - INFO - Chain [1] done processing
      seed 31: ELBO      -69.6  logZ      -65.0  ESS    45.6/4000  13s
23:16:20 - cmdstanpy - INFO - Chain [1] start processing
23:16:32 - cmdstanpy - INFO - Chain [1] done processing
      seed 47: ELBO      -68.6  logZ      -63.7  ESS     2.5/4000  12s
[03/21] ((IBS,TSI),GBR)
23:16:33 - cmdstanpy - INFO - Chain [1] start processing
23:16:43 - cmdstanpy - INFO - Chain [1] done processing
      seed 1: ELBO      -68.1  logZ      -60.2  ESS     7.2/4000  11s
23:16:44 - cmdstanpy - INFO - Chain [1] start processing
23:16:54 - cmdstanpy - INFO - Chain [1] done processing
      seed 7: ELBO      -66.4  logZ      -57.9  ESS     1.1/4000  10s
23:16:54 - cmdstanpy - INFO - Chain [1] start processing
23:17:04 - cmdstanpy - INFO - Chain [1] done processing
      seed 13: ELBO      -68.0  logZ      -60.0  ESS     4.9/4000  10s
23:17:04 - cmdstanpy - INFO - Chain [1] start processing
23:17:14 - cmdstanpy - INFO - Chain [1] done processing
      seed 23: ELBO      -65.8  logZ      -60.5  ESS     7.1/4000  10s
23:17:15 - cmdstanpy - INFO - Chain [1] start processing
23:17:25 - cmdstanpy - INFO - Chain [1] done processing
      seed 31: ELBO      -66.6  logZ      -61.3  ESS    30.2/4000  10s
23:17:25 - cmdstanpy - INFO - Chain [1] start processing
23:17:35 - cmdstanpy - INFO - Chain [1] done processing
      seed 47: ELBO      -66.4  logZ      -61.3  ESS     9.9/4000  10s
[04/21] (((GBR.1,IBS),GBR.2),TSI)
23:17:37 - cmdstanpy - INFO - Chain [1] start processing
23:17:58 - cmdstanpy - INFO - Chain [1] done processing
      seed 1: ELBO    +1296.3  logZ    +1309.0  ESS    10.6/4000  22s
23:17:59 - cmdstanpy - INFO - Chain [1] start processing
23:18:20 - cmdstanpy - INFO - Chain [1] done processing
      seed 7: ELBO    +1297.6  logZ    +1312.3  ESS     1.1/4000  22s
23:18:20 - cmdstanpy - INFO - Chain [1] start processing
23:18:42 - cmdstanpy - INFO - Chain [1] done processing
      seed 13: ELBO    +1297.4  logZ    +1314.1  ESS     1.1/4000  22s
23:18:42 - cmdstanpy - INFO - Chain [1] start processing
23:19:03 - cmdstanpy - INFO - Chain [1] done processing
      seed 23: ELBO    +1296.0  logZ    +1308.9  ESS     4.0/4000  21s
23:19:04 - cmdstanpy - INFO - Chain [1] start processing
23:19:25 - cmdstanpy - INFO - Chain [1] done processing
      seed 31: ELBO    +1296.0  logZ    +1312.9  ESS     1.3/4000  22s
23:19:25 - cmdstanpy - INFO - Chain [1] start processing
23:19:47 - cmdstanpy - INFO - Chain [1] done processing
      seed 47: ELBO    +1297.4  logZ    +1311.0  ESS     3.0/4000  22s
[05/21] (((GBR.1,IBS),TSI),GBR.2)
23:19:48 - cmdstanpy - INFO - Chain [1] start processing
23:20:11 - cmdstanpy - INFO - Chain [1] done processing
      seed 1: ELBO      +79.3  logZ      +98.4  ESS     2.2/4000  24s
23:20:12 - cmdstanpy - INFO - Chain [1] start processing
23:20:35 - cmdstanpy - INFO - Chain [1] done processing
      seed 7: ELBO      +82.8  logZ     +101.0  ESS     1.2/4000  24s
23:20:35 - cmdstanpy - INFO - Chain [1] start processing
23:20:59 - cmdstanpy - INFO - Chain [1] done processing
      seed 13: ELBO      +80.6  logZ     +114.3  ESS     1.4/4000  24s
23:21:00 - cmdstanpy - INFO - Chain [1] start processing
23:21:23 - cmdstanpy - INFO - Chain [1] done processing
      seed 23: ELBO      +82.9  logZ      +97.8  ESS     8.3/4000  24s
23:21:23 - cmdstanpy - INFO - Chain [1] start processing
23:21:46 - cmdstanpy - INFO - Chain [1] done processing
      seed 31: ELBO      +80.1  logZ     +113.1  ESS     4.0/4000  23s
23:21:46 - cmdstanpy - INFO - Chain [1] start processing
23:22:09 - cmdstanpy - INFO - Chain [1] done processing
      seed 47: ELBO      +82.5  logZ      +98.0  ESS     4.8/4000  23s
[06/21] (((GBR.1,TSI),GBR.2),IBS)
23:22:10 - cmdstanpy - INFO - Chain [1] start processing
23:22:31 - cmdstanpy - INFO - Chain [1] done processing
      seed 1: ELBO    +1124.3  logZ    +1146.3  ESS     1.9/4000  21s
23:22:32 - cmdstanpy - INFO - Chain [1] start processing
23:22:52 - cmdstanpy - INFO - Chain [1] done processing
      seed 7: ELBO    +1123.1  logZ    +1142.7  ESS     2.6/4000  21s
23:22:53 - cmdstanpy - INFO - Chain [1] start processing
23:23:14 - cmdstanpy - INFO - Chain [1] done processing
      seed 13: ELBO    +1123.3  logZ    +1143.8  ESS     1.1/4000  21s
23:23:14 - cmdstanpy - INFO - Chain [1] start processing
23:23:35 - cmdstanpy - INFO - Chain [1] done processing
      seed 23: ELBO    +1126.6  logZ    +1140.3  ESS     3.7/4000  21s
23:23:35 - cmdstanpy - INFO - Chain [1] start processing
23:23:56 - cmdstanpy - INFO - Chain [1] done processing
      seed 31: ELBO    +1123.6  logZ    +1139.8  ESS    19.9/4000  21s
23:23:57 - cmdstanpy - INFO - Chain [1] start processing
23:24:18 - cmdstanpy - INFO - Chain [1] done processing
      seed 47: ELBO    +1123.0  logZ    +1141.3  ESS     5.6/4000  21s
[07/21] (((GBR.1,TSI),IBS),GBR.2)
23:24:18 - cmdstanpy - INFO - Chain [1] start processing
23:24:41 - cmdstanpy - INFO - Chain [1] done processing
      seed 1: ELBO     +304.3  logZ     +316.6  ESS    13.9/4000  23s
23:24:42 - cmdstanpy - INFO - Chain [1] start processing
23:25:05 - cmdstanpy - INFO - Chain [1] done processing
      seed 7: ELBO     +303.6  logZ     +319.3  ESS     3.2/4000  23s
23:25:05 - cmdstanpy - INFO - Chain [1] start processing
23:25:28 - cmdstanpy - INFO - Chain [1] done processing
      seed 13: ELBO     +304.7  logZ     +319.2  ESS     1.4/4000  23s
23:25:28 - cmdstanpy - INFO - Chain [1] start processing
23:25:52 - cmdstanpy - INFO - Chain [1] done processing
      seed 23: ELBO     +304.1  logZ     +318.7  ESS     1.3/4000  24s
23:25:52 - cmdstanpy - INFO - Chain [1] start processing
23:26:16 - cmdstanpy - INFO - Chain [1] done processing
      seed 31: ELBO     +304.1  logZ     +316.1  ESS    31.2/4000  24s
23:26:16 - cmdstanpy - INFO - Chain [1] start processing
23:26:40 - cmdstanpy - INFO - Chain [1] done processing
      seed 47: ELBO     +303.1  logZ     +320.0  ESS     2.7/4000  24s
[08/21] (((IBS,TSI),GBR.1),GBR.2)
23:26:41 - cmdstanpy - INFO - Chain [1] start processing
23:27:04 - cmdstanpy - INFO - Chain [1] done processing
      seed 1: ELBO     -941.6  logZ     -926.0  ESS     9.6/4000  24s
23:27:04 - cmdstanpy - INFO - Chain [1] start processing
23:27:27 - cmdstanpy - INFO - Chain [1] done processing
      seed 7: ELBO     -941.8  logZ     -922.5  ESS     1.4/4000  23s
23:27:27 - cmdstanpy - INFO - Chain [1] start processing
23:27:50 - cmdstanpy - INFO - Chain [1] done processing
      seed 13: ELBO     -942.9  logZ     -924.4  ESS     3.3/4000  23s
23:27:51 - cmdstanpy - INFO - Chain [1] start processing
23:28:14 - cmdstanpy - INFO - Chain [1] done processing
      seed 23: ELBO     -941.3  logZ     -924.2  ESS     5.1/4000  23s
23:28:14 - cmdstanpy - INFO - Chain [1] start processing
23:28:38 - cmdstanpy - INFO - Chain [1] done processing
      seed 31: ELBO     -941.3  logZ     -925.1  ESS     6.8/4000  23s
23:28:38 - cmdstanpy - INFO - Chain [1] start processing
23:29:01 - cmdstanpy - INFO - Chain [1] done processing
      seed 47: ELBO     -943.6  logZ     -914.1  ESS    10.7/4000  24s
[09/21] ((GBR.1,IBS),(GBR.2,TSI))
23:29:02 - cmdstanpy - INFO - Chain [1] start processing
23:29:23 - cmdstanpy - INFO - Chain [1] done processing
      seed 1: ELBO      -48.1  logZ      -28.6  ESS    10.2/4000  21s
23:29:23 - cmdstanpy - INFO - Chain [1] start processing
23:29:44 - cmdstanpy - INFO - Chain [1] done processing
      seed 7: ELBO      -46.4  logZ      -25.9  ESS     1.7/4000  21s
23:29:45 - cmdstanpy - INFO - Chain [1] start processing
23:30:05 - cmdstanpy - INFO - Chain [1] done processing
      seed 13: ELBO      -46.9  logZ      -30.9  ESS     9.4/4000  21s
23:30:06 - cmdstanpy - INFO - Chain [1] start processing
23:30:27 - cmdstanpy - INFO - Chain [1] done processing
      seed 23: ELBO      -47.3  logZ      -27.7  ESS     1.0/4000  21s
23:30:27 - cmdstanpy - INFO - Chain [1] start processing
23:30:48 - cmdstanpy - INFO - Chain [1] done processing
      seed 31: ELBO      -47.5  logZ      -30.8  ESS     5.5/4000  21s
23:30:48 - cmdstanpy - INFO - Chain [1] start processing
23:31:09 - cmdstanpy - INFO - Chain [1] done processing
      seed 47: ELBO      -47.9  logZ      -29.1  ESS     5.7/4000  21s
[10/21] (((GBR,IBS.1),IBS.2),TSI)
23:31:10 - cmdstanpy - INFO - Chain [1] start processing
23:31:31 - cmdstanpy - INFO - Chain [1] done processing
      seed 1: ELBO     +539.0  logZ     +556.0  ESS     7.9/4000  21s
23:31:31 - cmdstanpy - INFO - Chain [1] start processing
23:31:52 - cmdstanpy - INFO - Chain [1] done processing
      seed 7: ELBO     +541.4  logZ     +556.1  ESS     2.8/4000  21s
23:31:52 - cmdstanpy - INFO - Chain [1] start processing
23:32:13 - cmdstanpy - INFO - Chain [1] done processing
      seed 13: ELBO     +540.7  logZ     +555.6  ESS    15.3/4000  21s
23:32:13 - cmdstanpy - INFO - Chain [1] start processing
23:32:33 - cmdstanpy - INFO - Chain [1] done processing
      seed 23: ELBO     +539.0  logZ     +556.9  ESS    11.7/4000  21s
23:32:34 - cmdstanpy - INFO - Chain [1] start processing
23:32:54 - cmdstanpy - INFO - Chain [1] done processing
      seed 31: ELBO     +541.4  logZ     +556.2  ESS     2.5/4000  21s
23:32:55 - cmdstanpy - INFO - Chain [1] start processing
23:33:15 - cmdstanpy - INFO - Chain [1] done processing
      seed 47: ELBO     +541.1  logZ     +556.9  ESS     3.9/4000  21s
[11/21] (((GBR,IBS.1),TSI),IBS.2)
23:33:16 - cmdstanpy - INFO - Chain [1] start processing
23:33:39 - cmdstanpy - INFO - Chain [1] done processing
      seed 1: ELBO      +34.8  logZ     +151.2  ESS     1.1/4000  23s
23:33:39 - cmdstanpy - INFO - Chain [1] start processing
23:34:02 - cmdstanpy - INFO - Chain [1] done processing
      seed 7: ELBO      +37.6  logZ     +154.7  ESS     1.0/4000  23s
23:34:03 - cmdstanpy - INFO - Chain [1] start processing
23:34:26 - cmdstanpy - INFO - Chain [1] done processing
      seed 13: ELBO      +43.3  logZ     +149.9  ESS     3.8/4000  23s
23:34:26 - cmdstanpy - INFO - Chain [1] start processing
23:34:49 - cmdstanpy - INFO - Chain [1] done processing
      seed 23: ELBO      +22.9  logZ     +155.5  ESS     1.4/4000  23s
23:34:49 - cmdstanpy - INFO - Chain [1] start processing
23:35:12 - cmdstanpy - INFO - Chain [1] done processing
      seed 31: ELBO      +31.8  logZ     +149.9  ESS     1.8/4000  23s
23:35:13 - cmdstanpy - INFO - Chain [1] start processing
23:35:37 - cmdstanpy - INFO - Chain [1] done processing
      seed 47: ELBO      +34.5  logZ     +158.0  ESS     1.2/4000  25s
[12/21] (((GBR,TSI),IBS.1),IBS.2)
23:35:38 - cmdstanpy - INFO - Chain [1] start processing
23:36:01 - cmdstanpy - INFO - Chain [1] done processing
      seed 1: ELBO    -2705.6  logZ    -2673.8  ESS     1.5/4000  23s
23:36:01 - cmdstanpy - INFO - Chain [1] start processing
23:36:24 - cmdstanpy - INFO - Chain [1] done processing
      seed 7: ELBO    -2706.3  logZ    -2674.8  ESS     2.1/4000  23s
23:36:24 - cmdstanpy - INFO - Chain [1] start processing
23:36:46 - cmdstanpy - INFO - Chain [1] done processing
      seed 13: ELBO    -2709.8  logZ    -2673.8  ESS     1.2/4000  23s
23:36:47 - cmdstanpy - INFO - Chain [1] start processing
23:37:09 - cmdstanpy - INFO - Chain [1] done processing
      seed 23: ELBO    -2706.0  logZ    -2676.5  ESS    12.3/4000  23s
23:37:10 - cmdstanpy - INFO - Chain [1] start processing
23:37:32 - cmdstanpy - INFO - Chain [1] done processing
      seed 31: ELBO    -2706.7  logZ    -2674.4  ESS     1.5/4000  23s
23:37:32 - cmdstanpy - INFO - Chain [1] start processing
23:37:55 - cmdstanpy - INFO - Chain [1] done processing
      seed 47: ELBO    -2710.1  logZ    -2676.1  ESS     2.7/4000  23s
[13/21] (((IBS.1,TSI),GBR),IBS.2)
23:37:56 - cmdstanpy - INFO - Chain [1] start processing
23:38:19 - cmdstanpy - INFO - Chain [1] done processing
      seed 1: ELBO      +11.9  logZ      +43.8  ESS     1.0/4000  23s
23:38:19 - cmdstanpy - INFO - Chain [1] start processing
23:38:42 - cmdstanpy - INFO - Chain [1] done processing
      seed 7: ELBO      +15.9  logZ      +40.1  ESS     5.6/4000  23s
23:38:42 - cmdstanpy - INFO - Chain [1] start processing
23:39:05 - cmdstanpy - INFO - Chain [1] done processing
      seed 13: ELBO      +18.8  logZ      +41.8  ESS     1.2/4000  23s
23:39:06 - cmdstanpy - INFO - Chain [1] start processing
23:39:28 - cmdstanpy - INFO - Chain [1] done processing
      seed 23: ELBO      +15.9  logZ      +40.9  ESS     2.6/4000  23s
23:39:29 - cmdstanpy - INFO - Chain [1] start processing
23:39:52 - cmdstanpy - INFO - Chain [1] done processing
      seed 31: ELBO      +16.7  logZ      +40.3  ESS     9.0/4000  23s
23:39:52 - cmdstanpy - INFO - Chain [1] start processing
23:40:15 - cmdstanpy - INFO - Chain [1] done processing
      seed 47: ELBO       +8.0  logZ      +87.5  ESS     1.6/4000  24s
[14/21] (((IBS.1,TSI),IBS.2),GBR)
23:40:16 - cmdstanpy - INFO - Chain [1] start processing
23:40:37 - cmdstanpy - INFO - Chain [1] done processing
      seed 1: ELBO    +1065.0  logZ    +1076.7  ESS     7.8/4000  21s
23:40:38 - cmdstanpy - INFO - Chain [1] start processing
23:40:59 - cmdstanpy - INFO - Chain [1] done processing
      seed 7: ELBO    +1064.1  logZ    +1077.4  ESS     3.8/4000  21s
23:40:59 - cmdstanpy - INFO - Chain [1] start processing
23:41:22 - cmdstanpy - INFO - Chain [1] done processing
      seed 13: ELBO    +1064.5  logZ    +1076.5  ESS     2.7/4000  23s
23:41:22 - cmdstanpy - INFO - Chain [1] start processing
23:41:43 - cmdstanpy - INFO - Chain [1] done processing
      seed 23: ELBO    +1064.5  logZ    +1076.4  ESS     4.4/4000  21s
23:41:43 - cmdstanpy - INFO - Chain [1] start processing
23:42:04 - cmdstanpy - INFO - Chain [1] done processing
      seed 31: ELBO    +1064.7  logZ    +1076.4  ESS    10.7/4000  21s
23:42:05 - cmdstanpy - INFO - Chain [1] start processing
23:42:25 - cmdstanpy - INFO - Chain [1] done processing
      seed 47: ELBO    +1064.9  logZ    +1075.7  ESS    20.0/4000  21s
[15/21] ((GBR,IBS.1),(IBS.2,TSI))
23:42:27 - cmdstanpy - INFO - Chain [1] start processing
23:42:49 - cmdstanpy - INFO - Chain [1] done processing
      seed 1: ELBO     +352.7  logZ     +369.6  ESS     2.1/4000  23s
23:42:49 - cmdstanpy - INFO - Chain [1] start processing
23:43:12 - cmdstanpy - INFO - Chain [1] done processing
      seed 7: ELBO     +351.8  logZ     +366.9  ESS    14.8/4000  23s
23:43:12 - cmdstanpy - INFO - Chain [1] start processing
23:43:34 - cmdstanpy - INFO - Chain [1] done processing
      seed 13: ELBO     +351.5  logZ     +365.0  ESS    23.3/4000  23s
23:43:35 - cmdstanpy - INFO - Chain [1] start processing
23:43:57 - cmdstanpy - INFO - Chain [1] done processing
      seed 23: ELBO     +352.3  logZ     +370.5  ESS     1.5/4000  23s
23:43:57 - cmdstanpy - INFO - Chain [1] start processing
23:44:20 - cmdstanpy - INFO - Chain [1] done processing
      seed 31: ELBO     +351.3  logZ     +366.4  ESS    15.9/4000  23s
23:44:20 - cmdstanpy - INFO - Chain [1] start processing
23:44:42 - cmdstanpy - INFO - Chain [1] done processing
      seed 47: ELBO     +351.0  logZ     +367.3  ESS     2.8/4000  23s
[16/21] (((GBR,IBS),TSI.1),TSI.2)
23:44:43 - cmdstanpy - INFO - Chain [1] start processing
23:45:05 - cmdstanpy - INFO - Chain [1] done processing
      seed 1: ELBO    -1919.6  logZ    -1870.9  ESS     1.2/4000  22s
23:45:06 - cmdstanpy - INFO - Chain [1] start processing
23:45:28 - cmdstanpy - INFO - Chain [1] done processing
      seed 7: ELBO    -1917.2  logZ    -1878.3  ESS     1.4/4000  22s
23:45:28 - cmdstanpy - INFO - Chain [1] start processing
23:45:50 - cmdstanpy - INFO - Chain [1] done processing
      seed 13: ELBO    -1919.0  logZ    -1874.0  ESS     2.3/4000  22s
23:45:51 - cmdstanpy - INFO - Chain [1] start processing
23:46:13 - cmdstanpy - INFO - Chain [1] done processing
      seed 23: ELBO    -1914.3  logZ    -1878.1  ESS     1.4/4000  22s
23:46:13 - cmdstanpy - INFO - Chain [1] start processing
23:46:36 - cmdstanpy - INFO - Chain [1] done processing
      seed 31: ELBO    -1919.7  logZ    -1872.8  ESS     3.1/4000  23s
23:46:36 - cmdstanpy - INFO - Chain [1] start processing
23:46:58 - cmdstanpy - INFO - Chain [1] done processing
      seed 47: ELBO    -1915.1  logZ    -1879.2  ESS     3.8/4000  22s
[17/21] (((GBR,TSI.1),IBS),TSI.2)
23:46:59 - cmdstanpy - INFO - Chain [1] start processing
23:47:22 - cmdstanpy - INFO - Chain [1] done processing
      seed 1: ELBO    +1292.5  logZ    +1342.5  ESS     2.9/4000  23s
23:47:22 - cmdstanpy - INFO - Chain [1] start processing
23:47:45 - cmdstanpy - INFO - Chain [1] done processing
      seed 7: ELBO    +1303.4  logZ    +1342.0  ESS     5.0/4000  23s
23:47:46 - cmdstanpy - INFO - Chain [1] start processing
23:48:09 - cmdstanpy - INFO - Chain [1] done processing
      seed 13: ELBO    +1299.3  logZ    +1339.3  ESS     3.3/4000  23s
23:48:09 - cmdstanpy - INFO - Chain [1] start processing
23:48:32 - cmdstanpy - INFO - Chain [1] done processing
      seed 23: ELBO    +1304.1  logZ    +1343.5  ESS     1.4/4000  23s
23:48:32 - cmdstanpy - INFO - Chain [1] start processing
23:48:55 - cmdstanpy - INFO - Chain [1] done processing
      seed 31: ELBO    +1298.2  logZ    +1340.8  ESS     7.0/4000  23s
23:48:55 - cmdstanpy - INFO - Chain [1] start processing
23:49:18 - cmdstanpy - INFO - Chain [1] done processing
      seed 47: ELBO    +1301.5  logZ    +1341.6  ESS     7.0/4000  23s
[18/21] (((GBR,TSI.1),TSI.2),IBS)
23:49:19 - cmdstanpy - INFO - Chain [1] start processing
23:49:41 - cmdstanpy - INFO - Chain [1] done processing
      seed 1: ELBO      -43.7  logZ      -15.9  ESS     1.5/4000  22s
23:49:41 - cmdstanpy - INFO - Chain [1] start processing
23:50:02 - cmdstanpy - INFO - Chain [1] done processing
      seed 7: ELBO      -43.7  logZ      -18.0  ESS     7.6/4000  21s
23:50:02 - cmdstanpy - INFO - Chain [1] start processing
23:50:23 - cmdstanpy - INFO - Chain [1] done processing
      seed 13: ELBO      -45.6  logZ      -13.7  ESS     1.3/4000  21s
23:50:24 - cmdstanpy - INFO - Chain [1] start processing
23:50:45 - cmdstanpy - INFO - Chain [1] done processing
      seed 23: ELBO      -43.9  logZ      -17.3  ESS     6.6/4000  21s
23:50:45 - cmdstanpy - INFO - Chain [1] start processing
23:51:07 - cmdstanpy - INFO - Chain [1] done processing
      seed 31: ELBO      -43.6  logZ      -19.6  ESS     3.5/4000  22s
23:51:07 - cmdstanpy - INFO - Chain [1] start processing
23:51:28 - cmdstanpy - INFO - Chain [1] done processing
      seed 47: ELBO      -43.2  logZ      -17.6  ESS     1.6/4000  21s
[19/21] (((IBS,TSI.1),GBR),TSI.2)
23:51:29 - cmdstanpy - INFO - Chain [1] start processing
23:51:52 - cmdstanpy - INFO - Chain [1] done processing
      seed 1: ELBO     -575.3  logZ     -528.4  ESS     2.4/4000  23s
23:51:53 - cmdstanpy - INFO - Chain [1] start processing
23:52:16 - cmdstanpy - INFO - Chain [1] done processing
      seed 7: ELBO     -575.4  logZ     -527.8  ESS     5.2/4000  23s
23:52:16 - cmdstanpy - INFO - Chain [1] start processing
23:52:39 - cmdstanpy - INFO - Chain [1] done processing
      seed 13: ELBO     -576.1  logZ     -528.7  ESS     3.9/4000  24s
23:52:40 - cmdstanpy - INFO - Chain [1] start processing
23:53:03 - cmdstanpy - INFO - Chain [1] done processing
      seed 23: ELBO     -574.9  logZ     -527.8  ESS     3.3/4000  24s
23:53:03 - cmdstanpy - INFO - Chain [1] start processing
23:53:26 - cmdstanpy - INFO - Chain [1] done processing
      seed 31: ELBO     -575.7  logZ     -526.9  ESS     1.9/4000  23s
23:53:27 - cmdstanpy - INFO - Chain [1] start processing
23:53:50 - cmdstanpy - INFO - Chain [1] done processing
      seed 47: ELBO     -574.7  logZ     -525.8  ESS     1.1/4000  23s
[20/21] (((IBS,TSI.1),TSI.2),GBR)
23:53:51 - cmdstanpy - INFO - Chain [1] start processing
23:54:11 - cmdstanpy - INFO - Chain [1] done processing
      seed 1: ELBO     +299.3  logZ     +362.6  ESS     5.6/4000  20s
23:54:11 - cmdstanpy - INFO - Chain [1] start processing
23:54:31 - cmdstanpy - INFO - Chain [1] done processing
      seed 7: ELBO     +301.0  logZ     +363.6  ESS     2.1/4000  20s
23:54:32 - cmdstanpy - INFO - Chain [1] start processing
23:54:51 - cmdstanpy - INFO - Chain [1] done processing
      seed 13: ELBO     +300.2  logZ     +362.3  ESS     5.6/4000  20s
23:54:52 - cmdstanpy - INFO - Chain [1] start processing
23:55:12 - cmdstanpy - INFO - Chain [1] done processing
      seed 23: ELBO     +301.9  logZ     +361.6  ESS     3.4/4000  20s
23:55:12 - cmdstanpy - INFO - Chain [1] start processing
23:55:32 - cmdstanpy - INFO - Chain [1] done processing
      seed 31: ELBO     +304.3  logZ     +361.8  ESS     7.0/4000  20s
23:55:32 - cmdstanpy - INFO - Chain [1] start processing
23:55:52 - cmdstanpy - INFO - Chain [1] done processing
      seed 47: ELBO     +296.4  logZ     +363.6  ESS     1.3/4000  20s
[21/21] ((GBR,TSI.1),(IBS,TSI.2))
23:55:53 - cmdstanpy - INFO - Chain [1] start processing
23:56:15 - cmdstanpy - INFO - Chain [1] done processing
      seed 1: ELBO     -164.8  logZ      -77.1  ESS    12.8/4000  22s
23:56:15 - cmdstanpy - INFO - Chain [1] start processing
23:56:37 - cmdstanpy - INFO - Chain [1] done processing
      seed 7: ELBO     -163.4  logZ      -76.2  ESS     8.1/4000  22s
23:56:37 - cmdstanpy - INFO - Chain [1] start processing
23:56:59 - cmdstanpy - INFO - Chain [1] done processing
      seed 13: ELBO     -166.0  logZ      -76.3  ESS     5.9/4000  22s
23:56:59 - cmdstanpy - INFO - Chain [1] start processing
23:57:20 - cmdstanpy - INFO - Chain [1] done processing
      seed 23: ELBO     -162.6  logZ      -76.4  ESS     9.3/4000  22s
23:57:21 - cmdstanpy - INFO - Chain [1] start processing
23:57:42 - cmdstanpy - INFO - Chain [1] done processing
      seed 31: ELBO     -174.1  logZ      -74.9  ESS     2.5/4000  22s
23:57:43 - cmdstanpy - INFO - Chain [1] start processing
23:58:04 - cmdstanpy - INFO - Chain [1] done processing
      seed 47: ELBO     -172.2  logZ      -76.3  ESS     5.0/4000  22s

[done] 21/21 fitted -> now run compare_elbo.py
