[bins] uniform 2.0-20.5 cM, width 0.5: 37 bins
[mask] 68 regions from high_cov/bad_regions_grch38.bed
[labels] 305 samples across 3 pops (['GBR', 'IBS', 'TSI'])
[haplotypes] GBR: 182 haplotypes (91 individuals)
[haplotypes] IBS: 214 haplotypes (107 individuals)
[haplotypes] TSI: 214 haplotypes (107 individuals)
[snp] processed merged_pruned/vcf/merged_all.chr10_pruned.vcf.gz (cumulative 21521 sites)
[snp] processed merged_pruned/vcf/merged_all.chr11_pruned.vcf.gz (cumulative 40768 sites)
[snp] processed merged_pruned/vcf/merged_all.chr12_pruned.vcf.gz (cumulative 61127 sites)
[snp] processed merged_pruned/vcf/merged_all.chr13_pruned.vcf.gz (cumulative 75990 sites)
[snp] processed merged_pruned/vcf/merged_all.chr14_pruned.vcf.gz (cumulative 90380 sites)
[snp] processed merged_pruned/vcf/merged_all.chr15_pruned.vcf.gz (cumulative 104958 sites)
[snp] processed merged_pruned/vcf/merged_all.chr16_pruned.vcf.gz (cumulative 121040 sites)
[snp] processed merged_pruned/vcf/merged_all.chr17_pruned.vcf.gz (cumulative 135925 sites)
[snp] processed merged_pruned/vcf/merged_all.chr18_pruned.vcf.gz (cumulative 149655 sites)
[snp] processed merged_pruned/vcf/merged_all.chr19_pruned.vcf.gz (cumulative 162936 sites)
[snp] processed merged_pruned/vcf/merged_all.chr1_pruned.vcf.gz (cumulative 196729 sites)
[snp] processed merged_pruned/vcf/merged_all.chr20_pruned.vcf.gz (cumulative 207811 sites)
[snp] processed merged_pruned/vcf/merged_all.chr21_pruned.vcf.gz (cumulative 215741 sites)
[snp] processed merged_pruned/vcf/merged_all.chr22_pruned.vcf.gz (cumulative 224189 sites)
[snp] processed merged_pruned/vcf/merged_all.chr2_pruned.vcf.gz (cumulative 256156 sites)
[snp] processed merged_pruned/vcf/merged_all.chr3_pruned.vcf.gz (cumulative 283839 sites)
[snp] processed merged_pruned/vcf/merged_all.chr4_pruned.vcf.gz (cumulative 310888 sites)
[snp] processed merged_pruned/vcf/merged_all.chr5_pruned.vcf.gz (cumulative 335210 sites)
[snp] processed merged_pruned/vcf/merged_all.chr6_pruned.vcf.gz (cumulative 360076 sites)
[snp] processed merged_pruned/vcf/merged_all.chr7_pruned.vcf.gz (cumulative 374110 sites)
[snp] processed merged_pruned/vcf/merged_all.chr8_pruned.vcf.gz (cumulative 395347 sites)
[snp] allele-frequency matrix: 395347 sites x 3 pops
[snp] 331870/395347 SNPs kept after MAF filter (min_maf=0.05)
[snp] density 115 SNPs/Mb -> 1847 SNPs per 16 Mb SE block (179 blocks)
[snp] w_hat range [-1.600e-03, 2.235e-03], w_se range [1.881e-05, 4.815e-05]
[ibd] parsed high_cov/ibd_all_masked.ibd.gz (cumulative kept 18492)
[ibd] masked genetic length dropped from normalizer: 96.590 cM
[ibd] chromosomes used: ['1', '10', '11', '12', '13', '14', '15', '16', '17', '18', '19', '2', '20', '21', '22', '3', '4', '5', '6', '7', '8', '9'] -> normalizer 3447.19 cM
[ibd] segments: 272224 read, 18492 kept, 253693 unmapped-haplotype, 39 out-of-bin, 0 other-chromosome, 0 in-masked-region
[save] wrote 3pop/stan_data/stan_3pop_eur.npz and 3pop/stan_data/stan_3pop_eur.json
