Copyright (C) 2019 Brian L. Browning
Enter "java -jar hap-ibd.jar" to print a list of command line arguments

Program            :  hap-ibd.jar  [ version 1.0, 20May22.818 ]
Start Time         :  08:57 PM BST on 03 Aug 2026
Max Memory         :  4096 MB

Parameters
  gt               :  /Users/qichen/github/admix_stan/new_pipeline/real_data/high_cov/array_vcf/chr16.vcf.gz
  map              :  /Users/qichen/github/admix_stan/new_pipeline/real_data/high_cov/genmap/plink.chr16.GRCh38.map
  out              :  /Users/qichen/github/admix_stan/new_pipeline/real_data/high_cov/ibd/chr16
  min-seed         :  1.5
  max-gap          :  1000
  min-extend       :  1.0
  min-output       :  2.0
  min-markers      :  100
  min-mac          :  2
  nthreads         :  8

Statistics
  samples          :  2157
  markers          :  22119
  IBD segments     :  14756
  IBD segs/sample  :  6.8
  HBD segments     :  250
  HBD segs/sample  :  0.116

Wallclock Time:    :  1 second
End Time           :  08:57 PM BST on 03 Aug 2026
