PLINK v1.9.0-b.8 64-bit (22 Oct 2024)
Options in effect:
  --allow-extra-chr
  --bfile plink_output/snp_ts
  --indep-pairwise 100 5 0.2
  --out plink_output/pruned
  --silent

Hostname: QideMacBook-Air.local
Working directory: /Users/qi/Documents/GitHub/admix_stan/new_pipeline
Start time: Fri Dec 12 12:53:17 2025

Random number seed: 1765543997
24576 MB RAM detected; reserving 12288 MB for main workspace.
85164 variants loaded from .bim file.
80 people (0 males, 0 females, 80 ambiguous) loaded from .fam.
Ambiguous sex IDs written to plink_output/pruned.nosex .
Using 1 thread (no multithreaded calculations invoked).
Before main variant filters, 80 founders and 0 nonfounders present.
Calculating allele frequencies... done.
Total genotyping rate is exactly 1.
85164 variants and 80 people pass filters and QC.
Note: No phenotypes present.
Pruned 79852 variants from chromosome 1, leaving 5312.
Pruning complete.  79852 of 85164 variants removed.
Marker lists written to plink_output/pruned.prune.in and
plink_output/pruned.prune.out .

End time: Fri Dec 12 12:53:17 2025
