PLINK v1.9.0-b.8 64-bit (22 Oct 2024)
Options in effect:
  --allow-extra-chr
  --double-id
  --make-bed
  --out plink_output/snp_ts
  --silent
  --vcf plink_output/snp_ts.vcf

Hostname: QideMacBook-Air.local
Working directory: /Users/qi/Documents/GitHub/admix_stan/new_pipeline
Start time: Fri Dec 12 12:53:17 2025

Random number seed: 1765543997
24576 MB RAM detected; reserving 12288 MB for main workspace.
--vcf: plink_output/snp_ts-temporary.bed + plink_output/snp_ts-temporary.bim +
plink_output/snp_ts-temporary.fam written.
85164 variants loaded from .bim file.
80 people (0 males, 0 females, 80 ambiguous) loaded from .fam.
Ambiguous sex IDs written to plink_output/snp_ts.nosex .
Using 1 thread (no multithreaded calculations invoked).
Before main variant filters, 80 founders and 0 nonfounders present.
Calculating allele frequencies... done.
Total genotyping rate is exactly 1.
85164 variants and 80 people pass filters and QC.
Note: No phenotypes present.
--make-bed to plink_output/snp_ts.bed + plink_output/snp_ts.bim +
plink_output/snp_ts.fam ... done.

End time: Fri Dec 12 12:53:17 2025
