[3pop] 21 topologies on ['GBR', 'CEU', 'IBS']

[01/21] ((CEU,GBR),IBS)
00:15:28 - cmdstanpy - INFO - Chain [1] start processing
00:15:34 - cmdstanpy - INFO - Chain [1] done processing
      seed 1: ELBO    +1568.6  logZ    +1571.5  ESS    17.8/4000  6s
00:15:34 - cmdstanpy - INFO - Chain [1] start processing
00:15:40 - cmdstanpy - INFO - Chain [1] done processing
      seed 7: ELBO    +1568.3  logZ    +1572.0  ESS     3.9/4000  6s
00:15:40 - cmdstanpy - INFO - Chain [1] start processing
00:15:46 - cmdstanpy - INFO - Chain [1] done processing
      seed 13: ELBO    +1568.2  logZ    +1573.3  ESS     2.4/4000  6s
00:15:46 - cmdstanpy - INFO - Chain [1] start processing
00:15:52 - cmdstanpy - INFO - Chain [1] done processing
      seed 23: ELBO    +1568.4  logZ    +1573.7  ESS     1.6/4000  6s
00:15:52 - cmdstanpy - INFO - Chain [1] start processing
00:15:58 - cmdstanpy - INFO - Chain [1] done processing
      seed 31: ELBO    +1568.3  logZ    +1571.4  ESS    26.0/4000  6s
00:15:58 - cmdstanpy - INFO - Chain [1] start processing
00:16:04 - cmdstanpy - INFO - Chain [1] done processing
      seed 47: ELBO    +1568.1  logZ    +1572.2  ESS     5.8/4000  6s
[02/21] ((CEU,IBS),GBR)
00:16:05 - cmdstanpy - INFO - Chain [1] start processing
00:16:12 - cmdstanpy - INFO - Chain [1] done processing
      seed 1: ELBO    -1826.2  logZ    -1813.5  ESS    12.5/4000  8s
00:16:12 - cmdstanpy - INFO - Chain [1] start processing
00:16:19 - cmdstanpy - INFO - Chain [1] done processing
      seed 7: ELBO    -1827.6  logZ    -1813.1  ESS    31.1/4000  8s
00:16:20 - cmdstanpy - INFO - Chain [1] start processing
00:16:27 - cmdstanpy - INFO - Chain [1] done processing
      seed 13: ELBO    -1821.4  logZ    -1814.1  ESS    27.3/4000  8s
00:16:28 - cmdstanpy - INFO - Chain [1] start processing
00:16:35 - cmdstanpy - INFO - Chain [1] done processing
      seed 23: ELBO    -1825.7  logZ    -1813.4  ESS    27.1/4000  8s
00:16:36 - cmdstanpy - INFO - Chain [1] start processing
00:16:43 - cmdstanpy - INFO - Chain [1] done processing
      seed 31: ELBO    -1826.5  logZ    -1812.9  ESS    28.9/4000  8s
00:16:43 - cmdstanpy - INFO - Chain [1] start processing
00:16:50 - cmdstanpy - INFO - Chain [1] done processing
      seed 47: ELBO    -1829.0  logZ    -1813.0  ESS     9.0/4000  8s
[03/21] ((GBR,IBS),CEU)
00:16:52 - cmdstanpy - INFO - Chain [1] start processing
00:17:01 - cmdstanpy - INFO - Chain [1] done processing
      seed 1: ELBO     -877.5  logZ     -872.2  ESS    13.2/4000  10s
00:17:01 - cmdstanpy - INFO - Chain [1] start processing
00:17:11 - cmdstanpy - INFO - Chain [1] done processing
      seed 7: ELBO     -877.6  logZ     -871.9  ESS    12.7/4000  10s
00:17:11 - cmdstanpy - INFO - Chain [1] start processing
00:17:20 - cmdstanpy - INFO - Chain [1] done processing
      seed 13: ELBO     -876.9  logZ     -871.0  ESS     1.4/4000  10s
00:17:21 - cmdstanpy - INFO - Chain [1] start processing
00:17:30 - cmdstanpy - INFO - Chain [1] done processing
      seed 23: ELBO     -877.3  logZ     -872.3  ESS    10.0/4000  10s
00:17:30 - cmdstanpy - INFO - Chain [1] start processing
00:17:40 - cmdstanpy - INFO - Chain [1] done processing
      seed 31: ELBO     -877.3  logZ     -872.3  ESS    19.9/4000  10s
00:17:40 - cmdstanpy - INFO - Chain [1] start processing
00:17:50 - cmdstanpy - INFO - Chain [1] done processing
      seed 47: ELBO     -877.5  logZ     -871.7  ESS     2.9/4000  11s
[04/21] (((CEU,GBR.1),GBR.2),IBS)
00:17:51 - cmdstanpy - INFO - Chain [1] start processing
00:18:13 - cmdstanpy - INFO - Chain [1] done processing
      seed 1: ELBO    +1479.6  logZ    +1504.3  ESS     6.2/4000  22s
00:18:13 - cmdstanpy - INFO - Chain [1] start processing
00:18:36 - cmdstanpy - INFO - Chain [1] done processing
      seed 7: ELBO    +1482.7  logZ    +1503.9  ESS    26.8/4000  23s
00:18:36 - cmdstanpy - INFO - Chain [1] start processing
00:18:58 - cmdstanpy - INFO - Chain [1] done processing
      seed 13: ELBO    +1482.7  logZ    +1504.5  ESS    12.0/4000  22s
00:18:58 - cmdstanpy - INFO - Chain [1] start processing
00:19:19 - cmdstanpy - INFO - Chain [1] done processing
      seed 23: ELBO    +1482.2  logZ    +1505.1  ESS     5.2/4000  21s
00:19:19 - cmdstanpy - INFO - Chain [1] start processing
00:19:41 - cmdstanpy - INFO - Chain [1] done processing
      seed 31: ELBO    +1482.1  logZ    +1505.8  ESS     2.2/4000  22s
00:19:41 - cmdstanpy - INFO - Chain [1] start processing
00:20:02 - cmdstanpy - INFO - Chain [1] done processing
      seed 47: ELBO    +1482.6  logZ    +1506.1  ESS     3.4/4000  22s
[05/21] (((CEU,GBR.1),IBS),GBR.2)
00:20:03 - cmdstanpy - INFO - Chain [1] start processing
00:20:27 - cmdstanpy - INFO - Chain [1] done processing
      seed 1: ELBO     -604.0  logZ     -578.4  ESS     3.8/4000  24s
00:20:28 - cmdstanpy - INFO - Chain [1] start processing
00:20:52 - cmdstanpy - INFO - Chain [1] done processing
      seed 7: ELBO     -603.1  logZ     -579.4  ESS     2.2/4000  24s
00:20:52 - cmdstanpy - INFO - Chain [1] start processing
00:21:17 - cmdstanpy - INFO - Chain [1] done processing
      seed 13: ELBO     -605.6  logZ     -579.1  ESS     1.7/4000  25s
00:21:17 - cmdstanpy - INFO - Chain [1] start processing
00:21:41 - cmdstanpy - INFO - Chain [1] done processing
      seed 23: ELBO     -604.7  logZ     -576.5  ESS     1.2/4000  24s
00:21:41 - cmdstanpy - INFO - Chain [1] start processing
00:22:05 - cmdstanpy - INFO - Chain [1] done processing
      seed 31: ELBO     -603.2  logZ     -577.8  ESS     2.3/4000  24s
00:22:06 - cmdstanpy - INFO - Chain [1] start processing
00:22:30 - cmdstanpy - INFO - Chain [1] done processing
      seed 47: ELBO     -608.5  logZ     -577.5  ESS     3.0/4000  25s
[06/21] (((CEU,IBS),GBR.1),GBR.2)
00:22:31 - cmdstanpy - INFO - Chain [1] start processing
00:22:55 - cmdstanpy - INFO - Chain [1] done processing
      seed 1: ELBO     -912.4  logZ     -895.7  ESS     7.8/4000  24s
00:22:55 - cmdstanpy - INFO - Chain [1] start processing
00:23:19 - cmdstanpy - INFO - Chain [1] done processing
      seed 7: ELBO     -914.7  logZ     -898.9  ESS     4.5/4000  24s
00:23:19 - cmdstanpy - INFO - Chain [1] start processing
00:23:43 - cmdstanpy - INFO - Chain [1] done processing
      seed 13: ELBO     -912.1  logZ     -896.8  ESS     4.4/4000  24s
00:23:44 - cmdstanpy - INFO - Chain [1] start processing
00:24:08 - cmdstanpy - INFO - Chain [1] done processing
      seed 23: ELBO     -912.5  logZ     -896.6  ESS     3.5/4000  24s
00:24:08 - cmdstanpy - INFO - Chain [1] start processing
00:24:32 - cmdstanpy - INFO - Chain [1] done processing
      seed 31: ELBO     -911.6  logZ     -895.8  ESS     3.8/4000  24s
00:24:32 - cmdstanpy - INFO - Chain [1] start processing
00:24:56 - cmdstanpy - INFO - Chain [1] done processing
      seed 47: ELBO     -913.5  logZ     -895.9  ESS     2.4/4000  24s
[07/21] (((GBR.1,IBS),CEU),GBR.2)
00:24:57 - cmdstanpy - INFO - Chain [1] start processing
00:25:21 - cmdstanpy - INFO - Chain [1] done processing
      seed 1: ELBO     -916.1  logZ     -901.8  ESS     2.8/4000  24s
00:25:22 - cmdstanpy - INFO - Chain [1] start processing
00:25:46 - cmdstanpy - INFO - Chain [1] done processing
      seed 7: ELBO     -916.3  logZ     -903.3  ESS     7.0/4000  24s
00:25:46 - cmdstanpy - INFO - Chain [1] start processing
00:26:10 - cmdstanpy - INFO - Chain [1] done processing
      seed 13: ELBO     -916.5  logZ     -904.3  ESS    11.4/4000  24s
00:26:10 - cmdstanpy - INFO - Chain [1] start processing
00:26:35 - cmdstanpy - INFO - Chain [1] done processing
      seed 23: ELBO     -916.9  logZ     -901.6  ESS     2.4/4000  24s
00:26:35 - cmdstanpy - INFO - Chain [1] start processing
00:26:59 - cmdstanpy - INFO - Chain [1] done processing
      seed 31: ELBO     -918.4  logZ     -901.1  ESS     3.2/4000  24s
00:26:59 - cmdstanpy - INFO - Chain [1] start processing
00:27:23 - cmdstanpy - INFO - Chain [1] done processing
      seed 47: ELBO     -917.5  logZ     -903.7  ESS     9.7/4000  24s
[08/21] (((GBR.1,IBS),GBR.2),CEU)
00:27:25 - cmdstanpy - INFO - Chain [1] start processing
00:27:47 - cmdstanpy - INFO - Chain [1] done processing
      seed 1: ELBO    +1161.5  logZ    +1175.3  ESS     6.4/4000  23s
00:27:48 - cmdstanpy - INFO - Chain [1] start processing
00:28:10 - cmdstanpy - INFO - Chain [1] done processing
      seed 7: ELBO    +1163.5  logZ    +1173.6  ESS    12.5/4000  22s
00:28:10 - cmdstanpy - INFO - Chain [1] start processing
00:28:32 - cmdstanpy - INFO - Chain [1] done processing
      seed 13: ELBO    +1162.0  logZ    +1173.5  ESS    14.1/4000  22s
00:28:32 - cmdstanpy - INFO - Chain [1] start processing
00:28:54 - cmdstanpy - INFO - Chain [1] done processing
      seed 23: ELBO    +1163.4  logZ    +1175.1  ESS     1.5/4000  22s
00:28:55 - cmdstanpy - INFO - Chain [1] start processing
00:29:16 - cmdstanpy - INFO - Chain [1] done processing
      seed 31: ELBO    +1163.8  logZ    +1175.8  ESS     3.2/4000  22s
00:29:17 - cmdstanpy - INFO - Chain [1] start processing
00:29:39 - cmdstanpy - INFO - Chain [1] done processing
      seed 47: ELBO    +1163.5  logZ    +1174.5  ESS     6.8/4000  22s
[09/21] ((CEU,GBR.1),(GBR.2,IBS))
00:29:40 - cmdstanpy - INFO - Chain [1] start processing
00:30:02 - cmdstanpy - INFO - Chain [1] done processing
      seed 1: ELBO    +1468.4  logZ    +1524.6  ESS     1.5/4000  23s
00:30:03 - cmdstanpy - INFO - Chain [1] start processing
00:30:25 - cmdstanpy - INFO - Chain [1] done processing
      seed 7: ELBO    +1469.0  logZ    +1523.6  ESS     1.5/4000  23s
00:30:26 - cmdstanpy - INFO - Chain [1] start processing
00:30:49 - cmdstanpy - INFO - Chain [1] done processing
      seed 13: ELBO    +1462.6  logZ    +1522.5  ESS     1.0/4000  23s
00:30:49 - cmdstanpy - INFO - Chain [1] start processing
00:31:12 - cmdstanpy - INFO - Chain [1] done processing
      seed 23: ELBO    +1468.1  logZ    +1520.3  ESS     6.3/4000  23s
00:31:12 - cmdstanpy - INFO - Chain [1] start processing
00:31:35 - cmdstanpy - INFO - Chain [1] done processing
      seed 31: ELBO    +1465.1  logZ    +1523.4  ESS     2.3/4000  23s
00:31:35 - cmdstanpy - INFO - Chain [1] start processing
00:31:58 - cmdstanpy - INFO - Chain [1] done processing
      seed 47: ELBO    +1468.9  logZ    +1522.3  ESS     3.4/4000  23s
[10/21] (((CEU.1,GBR),CEU.2),IBS)
00:31:59 - cmdstanpy - INFO - Chain [1] start processing
00:32:21 - cmdstanpy - INFO - Chain [1] done processing
      seed 1: ELBO    -4420.4  logZ    -4389.8  ESS     3.0/4000  22s
00:32:21 - cmdstanpy - INFO - Chain [1] start processing
00:32:43 - cmdstanpy - INFO - Chain [1] done processing
      seed 7: ELBO    -4405.1  logZ    -4391.7  ESS    11.9/4000  22s
00:32:43 - cmdstanpy - INFO - Chain [1] start processing
00:33:05 - cmdstanpy - INFO - Chain [1] done processing
      seed 13: ELBO    -4405.0  logZ    -4389.0  ESS     2.0/4000  22s
00:33:05 - cmdstanpy - INFO - Chain [1] start processing
00:33:27 - cmdstanpy - INFO - Chain [1] done processing
      seed 23: ELBO    -4406.6  logZ    -4389.7  ESS     2.6/4000  22s
00:33:28 - cmdstanpy - INFO - Chain [1] start processing
00:33:49 - cmdstanpy - INFO - Chain [1] done processing
      seed 31: ELBO    -4405.1  logZ    -4391.6  ESS     6.7/4000  22s
00:33:50 - cmdstanpy - INFO - Chain [1] start processing
00:34:11 - cmdstanpy - INFO - Chain [1] done processing
      seed 47: ELBO    -4405.3  logZ    -4391.7  ESS    14.8/4000  22s
[11/21] (((CEU.1,GBR),IBS),CEU.2)
00:34:12 - cmdstanpy - INFO - Chain [1] start processing
00:34:36 - cmdstanpy - INFO - Chain [1] done processing
      seed 1: ELBO     -626.2  logZ     -615.4  ESS     7.7/4000  24s
00:34:37 - cmdstanpy - INFO - Chain [1] start processing
00:35:01 - cmdstanpy - INFO - Chain [1] done processing
      seed 7: ELBO     -626.4  logZ     -614.8  ESS     2.6/4000  24s
00:35:01 - cmdstanpy - INFO - Chain [1] start processing
00:35:25 - cmdstanpy - INFO - Chain [1] done processing
      seed 13: ELBO     -626.3  logZ     -616.5  ESS    14.6/4000  24s
00:35:25 - cmdstanpy - INFO - Chain [1] start processing
00:35:49 - cmdstanpy - INFO - Chain [1] done processing
      seed 23: ELBO     -626.5  logZ     -614.2  ESS     1.3/4000  24s
00:35:49 - cmdstanpy - INFO - Chain [1] start processing
00:36:13 - cmdstanpy - INFO - Chain [1] done processing
      seed 31: ELBO     -626.3  logZ     -615.0  ESS     3.3/4000  24s
00:36:14 - cmdstanpy - INFO - Chain [1] start processing
00:36:37 - cmdstanpy - INFO - Chain [1] done processing
      seed 47: ELBO     -626.4  logZ     -614.7  ESS     8.8/4000  24s
[12/21] (((CEU.1,IBS),CEU.2),GBR)
00:36:39 - cmdstanpy - INFO - Chain [1] start processing
00:37:00 - cmdstanpy - INFO - Chain [1] done processing
      seed 1: ELBO    +1154.3  logZ    +1188.4  ESS     2.1/4000  22s
00:37:01 - cmdstanpy - INFO - Chain [1] start processing
00:37:22 - cmdstanpy - INFO - Chain [1] done processing
      seed 7: ELBO    +1151.7  logZ    +1189.3  ESS     1.7/4000  22s
00:37:23 - cmdstanpy - INFO - Chain [1] start processing
00:37:44 - cmdstanpy - INFO - Chain [1] done processing
      seed 13: ELBO    +1148.1  logZ    +1182.5  ESS     1.9/4000  22s
00:37:45 - cmdstanpy - INFO - Chain [1] start processing
00:38:06 - cmdstanpy - INFO - Chain [1] done processing
      seed 23: ELBO    +1152.1  logZ    +1188.0  ESS     9.3/4000  22s
00:38:07 - cmdstanpy - INFO - Chain [1] start processing
00:38:28 - cmdstanpy - INFO - Chain [1] done processing
      seed 31: ELBO    +1153.7  logZ    +1185.6  ESS     8.8/4000  22s
00:38:29 - cmdstanpy - INFO - Chain [1] start processing
00:38:51 - cmdstanpy - INFO - Chain [1] done processing
      seed 47: ELBO    +1154.5  logZ    +1189.0  ESS     2.8/4000  22s
[13/21] (((CEU.1,IBS),GBR),CEU.2)
00:38:52 - cmdstanpy - INFO - Chain [1] start processing
00:39:16 - cmdstanpy - INFO - Chain [1] done processing
      seed 1: ELBO    +1110.3  logZ    +1121.4  ESS     1.5/4000  24s
00:39:16 - cmdstanpy - INFO - Chain [1] start processing
00:39:40 - cmdstanpy - INFO - Chain [1] done processing
      seed 7: ELBO    +1108.6  logZ    +1122.3  ESS     2.1/4000  24s
00:39:40 - cmdstanpy - INFO - Chain [1] start processing
00:40:04 - cmdstanpy - INFO - Chain [1] done processing
      seed 13: ELBO    +1110.2  logZ    +1121.3  ESS     3.0/4000  24s
00:40:05 - cmdstanpy - INFO - Chain [1] start processing
00:40:29 - cmdstanpy - INFO - Chain [1] done processing
      seed 23: ELBO    +1108.4  logZ    +1122.6  ESS     3.2/4000  24s
00:40:29 - cmdstanpy - INFO - Chain [1] start processing
00:40:53 - cmdstanpy - INFO - Chain [1] done processing
      seed 31: ELBO    +1110.1  logZ    +1119.3  ESS     9.1/4000  24s
00:40:53 - cmdstanpy - INFO - Chain [1] start processing
00:41:17 - cmdstanpy - INFO - Chain [1] done processing
      seed 47: ELBO    +1110.1  logZ    +1121.7  ESS     1.2/4000  25s
[14/21] (((GBR,IBS),CEU.1),CEU.2)
00:41:18 - cmdstanpy - INFO - Chain [1] start processing
00:41:43 - cmdstanpy - INFO - Chain [1] done processing
      seed 1: ELBO    -1408.9  logZ    -1301.2  ESS     1.0/4000  25s
00:41:44 - cmdstanpy - INFO - Chain [1] start processing
00:42:08 - cmdstanpy - INFO - Chain [1] done processing
      seed 7: ELBO    -1409.0  logZ    -1303.6  ESS     1.1/4000  25s
00:42:08 - cmdstanpy - INFO - Chain [1] start processing
00:42:32 - cmdstanpy - INFO - Chain [1] done processing
      seed 13: ELBO    -1408.1  logZ    -1311.5  ESS     1.5/4000  25s
00:42:33 - cmdstanpy - INFO - Chain [1] start processing
00:42:57 - cmdstanpy - INFO - Chain [1] done processing
      seed 23: ELBO    -1407.9  logZ    -1304.9  ESS     1.6/4000  25s
00:42:58 - cmdstanpy - INFO - Chain [1] start processing
00:43:22 - cmdstanpy - INFO - Chain [1] done processing
      seed 31: ELBO    -1410.5  logZ    -1305.3  ESS     1.3/4000  24s
00:43:22 - cmdstanpy - INFO - Chain [1] start processing
00:43:47 - cmdstanpy - INFO - Chain [1] done processing
      seed 47: ELBO    -1406.8  logZ    -1297.0  ESS     1.0/4000  25s
[15/21] ((CEU.1,GBR),(CEU.2,IBS))
00:43:48 - cmdstanpy - INFO - Chain [1] start processing
00:44:11 - cmdstanpy - INFO - Chain [1] done processing
      seed 1: ELBO    -1013.3  logZ     -913.7  ESS     1.0/4000  24s
00:44:12 - cmdstanpy - INFO - Chain [1] start processing
00:44:35 - cmdstanpy - INFO - Chain [1] done processing
      seed 7: ELBO    -1019.9  logZ     -921.3  ESS     1.2/4000  24s
00:44:35 - cmdstanpy - INFO - Chain [1] start processing
00:44:59 - cmdstanpy - INFO - Chain [1] done processing
      seed 13: ELBO    -1019.2  logZ     -928.3  ESS    10.0/4000  24s
00:44:59 - cmdstanpy - INFO - Chain [1] start processing
00:45:22 - cmdstanpy - INFO - Chain [1] done processing
      seed 23: ELBO    -1028.2  logZ     -924.8  ESS     4.5/4000  24s
00:45:23 - cmdstanpy - INFO - Chain [1] start processing
00:45:46 - cmdstanpy - INFO - Chain [1] done processing
      seed 31: ELBO    -1019.0  logZ     -921.5  ESS     3.0/4000  24s
00:45:46 - cmdstanpy - INFO - Chain [1] start processing
00:46:10 - cmdstanpy - INFO - Chain [1] done processing
      seed 47: ELBO    -1019.1  logZ     -923.2  ESS     3.9/4000  24s
[16/21] (((CEU,GBR),IBS.1),IBS.2)
00:46:11 - cmdstanpy - INFO - Chain [1] start processing
00:46:35 - cmdstanpy - INFO - Chain [1] done processing
      seed 1: ELBO    +1281.6  logZ    +1305.4  ESS     1.0/4000  25s
00:46:35 - cmdstanpy - INFO - Chain [1] start processing
00:46:59 - cmdstanpy - INFO - Chain [1] done processing
      seed 7: ELBO    +1280.4  logZ    +1302.7  ESS     4.6/4000  24s
00:47:00 - cmdstanpy - INFO - Chain [1] start processing
00:47:24 - cmdstanpy - INFO - Chain [1] done processing
      seed 13: ELBO    +1283.5  logZ    +1302.5  ESS     1.3/4000  24s
00:47:24 - cmdstanpy - INFO - Chain [1] start processing
00:47:48 - cmdstanpy - INFO - Chain [1] done processing
      seed 23: ELBO    +1277.1  logZ    +1305.6  ESS     3.5/4000  24s
00:47:49 - cmdstanpy - INFO - Chain [1] start processing
00:48:13 - cmdstanpy - INFO - Chain [1] done processing
      seed 31: ELBO    +1280.2  logZ    +1307.5  ESS     1.4/4000  25s
00:48:13 - cmdstanpy - INFO - Chain [1] start processing
00:48:37 - cmdstanpy - INFO - Chain [1] done processing
      seed 47: ELBO    +1276.7  logZ    +1305.4  ESS     4.2/4000  24s
[17/21] (((CEU,IBS.1),GBR),IBS.2)
00:48:39 - cmdstanpy - INFO - Chain [1] start processing
00:49:03 - cmdstanpy - INFO - Chain [1] done processing
      seed 1: ELBO    -1362.7  logZ     +522.6  ESS     1.6/4000  25s
00:49:03 - cmdstanpy - INFO - Chain [1] start processing
00:49:28 - cmdstanpy - INFO - Chain [1] done processing
      seed 7: ELBO     +463.5  logZ     +522.3  ESS     2.3/4000  25s
00:49:28 - cmdstanpy - INFO - Chain [1] start processing
00:49:52 - cmdstanpy - INFO - Chain [1] done processing
      seed 13: ELBO     +442.5  logZ     +522.5  ESS     1.3/4000  25s
00:49:52 - cmdstanpy - INFO - Chain [1] start processing
00:50:17 - cmdstanpy - INFO - Chain [1] done processing
      seed 23: ELBO     +463.7  logZ     +522.1  ESS     1.1/4000  25s
00:50:17 - cmdstanpy - INFO - Chain [1] start processing
00:50:42 - cmdstanpy - INFO - Chain [1] done processing
      seed 31: ELBO     +462.1  logZ     +522.2  ESS     2.8/4000  26s
00:50:43 - cmdstanpy - INFO - Chain [1] start processing
00:51:08 - cmdstanpy - INFO - Chain [1] done processing
      seed 47: ELBO     +423.0  logZ     +520.1  ESS     7.0/4000  25s
[18/21] (((CEU,IBS.1),IBS.2),GBR)
00:51:09 - cmdstanpy - INFO - Chain [1] start processing
00:51:29 - cmdstanpy - INFO - Chain [1] done processing
      seed 1: ELBO    +1145.3  logZ    +1160.5  ESS     5.3/4000  20s
00:51:29 - cmdstanpy - INFO - Chain [1] start processing
00:51:49 - cmdstanpy - INFO - Chain [1] done processing
      seed 7: ELBO    +1143.7  logZ    +1158.7  ESS    13.1/4000  20s
00:51:50 - cmdstanpy - INFO - Chain [1] start processing
00:52:09 - cmdstanpy - INFO - Chain [1] done processing
      seed 13: ELBO    +1145.5  logZ    +1159.5  ESS    14.7/4000  20s
00:52:10 - cmdstanpy - INFO - Chain [1] start processing
00:52:30 - cmdstanpy - INFO - Chain [1] done processing
      seed 23: ELBO    +1145.4  logZ    +1159.9  ESS     5.8/4000  20s
00:52:30 - cmdstanpy - INFO - Chain [1] start processing
00:52:50 - cmdstanpy - INFO - Chain [1] done processing
      seed 31: ELBO    +1144.6  logZ    +1160.9  ESS     5.2/4000  20s
00:52:50 - cmdstanpy - INFO - Chain [1] start processing
00:53:10 - cmdstanpy - INFO - Chain [1] done processing
      seed 47: ELBO    +1145.6  logZ    +1161.5  ESS     2.9/4000  20s
[19/21] (((GBR,IBS.1),CEU),IBS.2)
00:53:11 - cmdstanpy - INFO - Chain [1] start processing
00:53:36 - cmdstanpy - INFO - Chain [1] done processing
      seed 1: ELBO     +564.7  logZ     +642.3  ESS     1.3/4000  25s
00:53:36 - cmdstanpy - INFO - Chain [1] start processing
00:54:00 - cmdstanpy - INFO - Chain [1] done processing
      seed 7: ELBO     +542.3  logZ     +646.8  ESS     9.2/4000  24s
00:54:00 - cmdstanpy - INFO - Chain [1] start processing
00:54:25 - cmdstanpy - INFO - Chain [1] done processing
      seed 13: ELBO     +562.5  logZ     +640.6  ESS     5.1/4000  25s
00:54:25 - cmdstanpy - INFO - Chain [1] start processing
00:54:49 - cmdstanpy - INFO - Chain [1] done processing
      seed 23: ELBO     +564.8  logZ     +640.1  ESS    13.5/4000  24s
00:54:49 - cmdstanpy - INFO - Chain [1] start processing
00:55:14 - cmdstanpy - INFO - Chain [1] done processing
      seed 31: ELBO     +561.7  logZ     +641.8  ESS     1.9/4000  25s
00:55:14 - cmdstanpy - INFO - Chain [1] start processing
00:55:38 - cmdstanpy - INFO - Chain [1] done processing
      seed 47: ELBO     +563.4  logZ     +642.3  ESS     1.3/4000  25s
[20/21] (((GBR,IBS.1),IBS.2),CEU)
00:55:40 - cmdstanpy - INFO - Chain [1] start processing
00:56:01 - cmdstanpy - INFO - Chain [1] done processing
      seed 1: ELBO    +1138.0  logZ    +1146.8  ESS    20.3/4000  22s
00:56:02 - cmdstanpy - INFO - Chain [1] start processing
00:56:24 - cmdstanpy - INFO - Chain [1] done processing
      seed 7: ELBO    +1138.1  logZ    +1146.8  ESS    14.9/4000  22s
00:56:24 - cmdstanpy - INFO - Chain [1] start processing
00:56:46 - cmdstanpy - INFO - Chain [1] done processing
      seed 13: ELBO    +1136.4  logZ    +1148.3  ESS     4.9/4000  22s
00:56:46 - cmdstanpy - INFO - Chain [1] start processing
00:57:08 - cmdstanpy - INFO - Chain [1] done processing
      seed 23: ELBO    +1137.9  logZ    +1147.5  ESS     4.7/4000  22s
00:57:08 - cmdstanpy - INFO - Chain [1] start processing
00:57:30 - cmdstanpy - INFO - Chain [1] done processing
      seed 31: ELBO    +1138.0  logZ    +1149.2  ESS     2.6/4000  22s
00:57:31 - cmdstanpy - INFO - Chain [1] start processing
00:57:52 - cmdstanpy - INFO - Chain [1] done processing
      seed 47: ELBO    +1137.3  logZ    +1147.8  ESS    11.3/4000  22s
[21/21] ((CEU,IBS.1),(GBR,IBS.2))
00:57:53 - cmdstanpy - INFO - Chain [1] start processing
00:58:17 - cmdstanpy - INFO - Chain [1] done processing
      seed 1: ELBO    +1075.7  logZ    +1131.3  ESS     2.7/4000  24s
00:58:18 - cmdstanpy - INFO - Chain [1] start processing
00:58:40 - cmdstanpy - INFO - Chain [1] done processing
      seed 7: ELBO    +1062.5  logZ    +1134.0  ESS     2.4/4000  23s
00:58:40 - cmdstanpy - INFO - Chain [1] start processing
00:59:03 - cmdstanpy - INFO - Chain [1] done processing
      seed 13: ELBO    +1075.8  logZ    +1132.7  ESS     4.5/4000  23s
00:59:03 - cmdstanpy - INFO - Chain [1] start processing
00:59:26 - cmdstanpy - INFO - Chain [1] done processing
      seed 23: ELBO    +1065.6  logZ    +1132.3  ESS     1.5/4000  23s
00:59:26 - cmdstanpy - INFO - Chain [1] start processing
00:59:48 - cmdstanpy - INFO - Chain [1] done processing
      seed 31: ELBO    +1076.6  logZ    +1134.7  ESS     1.6/4000  23s
00:59:49 - cmdstanpy - INFO - Chain [1] start processing
01:00:11 - cmdstanpy - INFO - Chain [1] done processing
      seed 47: ELBO    +1058.3  logZ    +1139.6  ESS     3.3/4000  23s

[done] 21/21 fitted -> now run compare_elbo.py
